[backblue.gif]
[fade.gif]
[index.html]
[cpap.sleeppanda.com/index.html]
[cpap.sleeppanda.com/home.html]
[cpap.sleeppanda.com/layoutcontainerbd1a.css]
[cpap.sleeppanda.com/themebd1a.css]
[cpap.sleeppanda.com/color_1bd1a.css]
[cpap.sleeppanda.com/custombd1a.css]
[cpap.sleeppanda.com/WstUserAdvancedStylesbd1a.css]
[cpap.sleeppanda.com/sleeppanda_cpap.html]
[cpap.sleeppanda.com/shuimianzhishi.html]
[cpap.sleeppanda.com/Services.html]
[cpap.sleeppanda.com/jiankang.html]
[cpap.sleeppanda.com/zhiliaoxuanze.html]
[cpap.sleeppanda.com/cpapproducts.html]
[cpap.sleeppanda.com/Contact.html]
[cpap.sleeppanda.com/Blank.html]
[cpap.sleeppanda.com/zhishi2.html]
[cpap.sleeppanda.com/zhishi3.html]
[cpap.sleeppanda.com/zhishi4.html]
[cpap.sleeppanda.com/zhishi5.html]
[cpap.sleeppanda.com/uploads/Dr_Hussain_Lab_Form.pdf]
[cpap.sleeppanda.com/uploads/Dr_Chien_Lab_Form.pdf]
[cpap.sleeppanda.com/shuimianceshi.html]
[cpap.sleeppanda.com/uploads/Newmarket_Dr_Fried_application_form.pdf]
[cpap.sleeppanda.com/cpap_testfree.html]
[cpap.sleeppanda.com/daifufeiyong.html]
[cpap.sleeppanda.com/zhengqubaoxian.html]
[cpap.sleeppanda.com/shiyongzhinan.html]
[cpap.sleeppanda.com/changjianwenti.html]
[cpap.sleeppanda.com/weihugenjin.html]
[cpap.sleeppanda.com/jiankang1.html]
[cpap.sleeppanda.com/jiankang2.html]
[cpap.sleeppanda.com/jiankang3.html]
[cpap.sleeppanda.com/jiankang4.html]
[cpap.sleeppanda.com/jiankang5.html]
[cpap.sleeppanda.com/jiankang6.html]
[cpap.sleeppanda.com/jiankang7.html]
[cpap.sleeppanda.com/jiankang8.html]
[cpap.sleeppanda.com/jiankang9.html]
[cpap.sleeppanda.com/jiankang10.html]
[cpap.sleeppanda.com/zhiliao2.html]
[cpap.sleeppanda.com/zhiliao1.html]
[cpap.sleeppanda.com/zhiliao3.html]
[cpap.sleeppanda.com/cpap_products.html]
[cpap.sleeppanda.com/cpap_maskbizhao.html]
[cpap.sleeppanda.com/cpap_accessories.html]
[cpap.sleeppanda.com/resmed_woman_mask.html]
[cpap.sleeppanda.com/resmed_s9_auto.html]
[cpap.sleeppanda.com/resmed_s9_escape.html]
[cpap.sleeppanda.com/mianfeishiyong.html]
[cpap.sleeppanda.com/zhiliao1.html.html]
[cpap.sleeppanda.com/cpap_resmed.html]
[cpap.sleeppanda.com/cpap_respironics.html]
[cpap.sleeppanda.com/cpap_fisher_paykel.html]
[cpap.sleeppanda.com/cpap_others.html]
[cpap.sleeppanda.com/cpap_wholemask.html]
[cpap.sleeppanda.com/cpap_bizhao.html]
[cpap.sleeppanda.com/cpap_bisai.html]
[cpap.sleeppanda.com/cpap_humidifier.html]
[cpap.sleeppanda.com/cpap_other_accessories.html]
[cpap.sleeppanda.com/resmed_s9_women.html]
[cpap.sleeppanda.com/resmed_s9_elite.html]
[cpap.sleeppanda.com/resmed_vpap.html]
[cpap.sleeppanda.com/respironics_quanzidong.html]
[cpap.sleeppanda.com/respironics_yitihuapro.html]
[cpap.sleeppanda.com/respironics_60_pro.html]
[cpap.sleeppanda.com/respironics_yitihuaplug.html]
[cpap.sleeppanda.com/respironics_yitihuajiben.html]
[cpap.sleeppanda.com/respironics_shuangshuiping.html]
[cpap.sleeppanda.com/f_p_auto.html]
[cpap.sleeppanda.com/f_p_novo.html]
[cpap.sleeppanda.com/f_p_234.html]
[cpap.sleeppanda.com/resmed_quattro_mask.html]
[cpap.sleeppanda.com/resmed_dream_mask.html]
[cpap.sleeppanda.com/respironics_amara_mask.html]
[cpap.sleeppanda.com/f_p_forma_mask.html]
[cpap.sleeppanda.com/mirage_activa_lt.html]
[cpap.sleeppanda.com/mirage_fx.html]
[cpap.sleeppanda.com/mirage_woman.html]
[cpap.sleeppanda.com/true_blue.html]
[cpap.sleeppanda.com/easylife.html]
[cpap.sleeppanda.com/fisher_paykel_zest.html]
[cpap.sleeppanda.com/f_p_eson.html]
[cpap.sleeppanda.com/resmed_swift.html]
[cpap.sleeppanda.com/resmed_swift_pink.html]
[cpap.sleeppanda.com/Resmed_H5i.html]
[cpap.sleeppanda.com/Weikang_Shihua.html]
[cpap.sleeppanda.com/weikang_battery.html]
[cpap.sleeppanda.com/chaohao_battery.html]
[cpap.sleeppanda.com/pillow.html]
